// Jest Snapshot v1, https://goo.gl/fbAQLP

exports[`renders correctly 1`] = `
<div
  className="Container"
>
  <div
    className="Wrapper"
    style={
      Object {
        "width": "40px",
      }
    }
  >
    <div
      className="MenuDot"
    />
  </div>
</div>
`;
