// Jest Snapshot v1, https://goo.gl/fbAQLP

exports[`renders correctly 1`] = `
<div
  className="Container"
>
  <div
    className="LoaderContainer"
  >
    <div
      class="sk-cube-grid"
    >
      <div
        class="sk-cube sk-cube1"
      />
      <div
        class="sk-cube sk-cube2"
      />
      <div
        class="sk-cube sk-cube3"
      />
      <div
        class="sk-cube sk-cube4"
      />
      <div
        class="sk-cube sk-cube5"
      />
      <div
        class="sk-cube sk-cube6"
      />
      <div
        class="sk-cube sk-cube7"
      />
      <div
        class="sk-cube sk-cube8"
      />
      <div
        class="sk-cube sk-cube9"
      />
    </div>
  </div>
</div>
`;
